[00:00:59] [Server thread/INFO]: [Not Secure] <Cacharro7> A cierto
[00:01:02] [Server thread/INFO]: [Not Secure] <Cacharro7> tengo que actualizar
[00:01:04] [Server thread/INFO]: [Not Secure] <Cacharro7> el iris pff
[00:01:07] [Server thread/INFO]: [Not Secure] <Cacharro7> y la otra jalada
[00:01:07] [Server thread/INFO]: [Not Secure] <ZyberXMC> x
[00:01:13] [Server thread/INFO]: [Not Secure] <ZyberXMC> u go im testing shit too
[00:01:19] [Server thread/INFO]: [Not Secure] <Cacharro7> aha
[00:01:21] [Server thread/INFO]: Cacharro7 lost connection: Disconnected
[00:01:21] [Server thread/INFO]: Cacharro7 left the game
[00:13:50] [Server thread/INFO]: Cacharro7[/127.213.224.40:41355] logged in with entity id 14752 at (337.0119190821752, 68.0, -666.7660428564589)
[00:13:50] [Server thread/INFO]: Cacharro7 joined the game
[00:14:03] [Server thread/INFO]: [Not Secure] <Cacharro7> welcome
[00:16:41] [Server thread/INFO]: [Not Secure] <ZyberXMC> restart real wuckq
[00:16:42] [Server thread/INFO]: [Not Secure] <ZyberXMC> quick
[00:16:43] [Server thread/INFO]: ZyberXMC lost connection: Disconnected
[00:16:43] [Server thread/INFO]: ZyberXMC left the game
[00:17:49] [Server thread/INFO]: Cacharro7 lost connection: Disconnected
[00:17:49] [Server thread/INFO]: Cacharro7 left the game
[00:18:49] [Server thread/INFO]: Server empty for 60 seconds, pausing
[00:23:49] [Server thread/INFO]: Cacharro7[/127.213.224.40:54309] logged in with entity id 16143 at (336.62162590337084, 67.0, -671.3231599267132)
[00:23:49] [Server thread/INFO]: Cacharro7 joined the game
[00:23:57] [Server thread/INFO]: [Not Secure] <Cacharro7> jefrey
[00:24:28] [Server thread/INFO]: ZyberXMC[/127.197.22.57:55605] logged in with entity id 16785 at (296.0764060033159, 89.0, -835.4992569142536)
[00:24:28] [Server thread/INFO]: ZyberXMC joined the game
[00:24:44] [Server thread/INFO]: [Not Secure] <ZyberXMC> e
[00:25:56] [Server thread/INFO]: [Not Secure] <Cacharro7> btw
[00:26:05] [Server thread/INFO]: [Not Secure] <Cacharro7> sacaron update del player animations extended
[00:26:08] [Server thread/INFO]: [Not Secure] <Cacharro7> ahora es publico
[00:26:08] [Server thread/INFO]: [Not Secure] <ZyberXMC> apoco
[00:26:11] [Server thread/INFO]: [Not Secure] <ZyberXMC> o
[00:26:12] [Server thread/INFO]: [Not Secure] <Cacharro7> ye
[00:26:14] [Server thread/INFO]: [Not Secure] <ZyberXMC> send link
[00:26:24] [Server thread/INFO]: [Not Secure] <ZyberXMC> let me again restart btw
[00:26:26] [Server thread/INFO]: ZyberXMC lost connection: Disconnected
[00:26:26] [Server thread/INFO]: ZyberXMC left the game
[00:30:23] [Server thread/INFO]: [Not Secure] <Cacharro7> zZzZ
[00:30:59] [Server thread/INFO]: ZyberXMC[/127.197.22.57:58935] logged in with entity id 18336 at (303.10202815317746, 94.0, -833.2296442986632)
[00:30:59] [Server thread/INFO]: ZyberXMC joined the game
[00:31:13] [Server thread/INFO]: [Not Secure] <ZyberXMC> e
[00:33:45] [Server thread/INFO]: [Not Secure] <ZyberXMC> gtg nigga
[00:34:32] [Server thread/INFO]: [Not Secure] <ZyberXMC> p
[00:34:33] [Server thread/INFO]: ZyberXMC lost connection: Disconnected
[00:34:33] [Server thread/INFO]: ZyberXMC left the game
[00:39:13] [Server thread/INFO]: [Cacharro7: Set own game mode to Creative Mode]
[00:44:40] [Server thread/INFO]: Cacharro7 lost connection: Disconnected
[00:44:40] [Server thread/INFO]: Cacharro7 left the game
[00:45:40] [Server thread/INFO]: Server empty for 60 seconds, pausing
[00:50:55] [Server thread/INFO]: Cacharro7[/127.213.224.40:50829] logged in with entity id 22019 at (340.30000001192093, 88.0, -675.1465049795501)
[00:50:55] [Server thread/INFO]: Cacharro7 joined the game
[00:58:09] [Server thread/INFO]: Cacharro7 lost connection: Disconnected
[00:58:09] [Server thread/INFO]: Cacharro7 left the game
[00:58:21] [Server thread/INFO]: Stopping the server
[00:58:21] [Server thread/INFO]: Stopping server
[00:58:21] [Server thread/INFO]: Saving players
[00:58:21] [Server thread/INFO]: Saving worlds
[00:58:21] [Server thread/INFO]: Saving chunks for level 'ServerLevel[New World]'/minecraft:overworld
[00:58:21] [Server thread/INFO]: Saving chunks for level 'ServerLevel[New World]'/minecraft:the_end
[00:58:21] [Server thread/INFO]: Saving chunks for level 'ServerLevel[New World]'/minecraft:the_nether
[00:58:21] [Server thread/INFO]: ThreadedAnvilChunkStorage (world): All chunks are saved
[00:58:21] [Server thread/INFO]: ThreadedAnvilChunkStorage (DIM1): All chunks are saved
[00:58:21] [Server thread/INFO]: ThreadedAnvilChunkStorage (DIM-1): All chunks are saved
[00:58:21] [Server thread/INFO]: ThreadedAnvilChunkStorage: All dimensions are saved
